
Memory Configuration

Name             Origin             Length             Attributes
FLASH            0x0000000008000000 0x0000000000020000 xr
SRAM             0x0000000020000000 0x0000000000005000 xrw
*default*        0x0000000000000000 0xffffffffffffffff

Linker script and memory map


.text           0x0000000008000000      0x344
 *(.vectors*)
 .vectors       0x0000000008000000       0x10 Startup.o
                0x0000000008000000                g_p_fn_Vectors
 *(.text*)
 .text          0x0000000008000010       0xcc APP/APP.o
                0x0000000008000010                appInit
                0x000000000800003c                highPressureDetect
                0x0000000008000068                alarmMonitor
                0x00000000080000b6                appStart
 .text          0x00000000080000dc       0xac MCAL/GPIO/GPIO.o
                0x00000000080000dc                enableClk
                0x00000000080000fc                gpioInit
                0x0000000008000114                gpioWritePin
 .text          0x0000000008000188       0x94 HAL/LED/LED.o
                0x0000000008000188                ledInit
                0x00000000080001b4                ledOn
                0x00000000080001e8                ledOff
 .text          0x000000000800021c       0x8c HAL/Pressure_Sensor/P_Sensor.o
                0x000000000800021c                Delay
                0x000000000800024c                psInit
                0x0000000008000274                getPressureVal
 .text          0x00000000080002a8        0xe main.o
                0x00000000080002a8                main
 *fill*         0x00000000080002b6        0x2 
 .text          0x00000000080002b8       0x8c Startup.o
                0x00000000080002b8                NMI_Handler
                0x00000000080002b8                Bus_Fault
                0x00000000080002b8                Default_Handler
                0x00000000080002c4                Reset_Handler
 *(.rodata*)
                0x0000000008000344                _E_TEXT = .

.glue_7         0x0000000008000344        0x0
 .glue_7        0x0000000008000344        0x0 linker stubs

.glue_7t        0x0000000008000344        0x0
 .glue_7t       0x0000000008000344        0x0 linker stubs

.vfp11_veneer   0x0000000008000344        0x0
 .vfp11_veneer  0x0000000008000344        0x0 linker stubs

.v4_bx          0x0000000008000344        0x0
 .v4_bx         0x0000000008000344        0x0 linker stubs

.iplt           0x0000000008000344        0x0
 .iplt          0x0000000008000344        0x0 APP/APP.o

.rel.dyn        0x0000000008000344        0x0
 .rel.iplt      0x0000000008000344        0x0 APP/APP.o

.data           0x0000000020000000        0x0 load address 0x0000000008000344
                0x0000000020000000                _S_DATA = .
 *(.data*)
 .data          0x0000000020000000        0x0 APP/APP.o
 .data          0x0000000020000000        0x0 MCAL/GPIO/GPIO.o
 .data          0x0000000020000000        0x0 HAL/LED/LED.o
 .data          0x0000000020000000        0x0 HAL/Pressure_Sensor/P_Sensor.o
 .data          0x0000000020000000        0x0 main.o
 .data          0x0000000020000000        0x0 Startup.o
                0x0000000020000000                . = ALIGN (0x4)
                0x0000000020000000                _E_DATA = .

.igot.plt       0x0000000020000000        0x0 load address 0x0000000008000344
 .igot.plt      0x0000000020000000        0x0 APP/APP.o

.bss            0x0000000020000000     0x1404 load address 0x0000000008000344
                0x0000000020000000                _S_BSS = .
 *(.bss*)
 .bss           0x0000000020000000        0x1 APP/APP.o
                0x0000000020000000                PValue
 .bss           0x0000000020000001        0x0 MCAL/GPIO/GPIO.o
 .bss           0x0000000020000001        0x0 HAL/LED/LED.o
 .bss           0x0000000020000001        0x0 HAL/Pressure_Sensor/P_Sensor.o
 .bss           0x0000000020000001        0x0 main.o
 *fill*         0x0000000020000001        0x3 
 .bss           0x0000000020000004      0x400 Startup.o
                0x0000000020000404                . = ALIGN (0x4)
 *(COMMON)
                0x0000000020000404                . = ALIGN (0x4)
                0x0000000020000404                _E_BSS = .
                0x0000000020000404                . = ALIGN (0x4)
                0x0000000020001404                . = (. + 0x1000)
 *fill*         0x0000000020000404     0x1000 
                0x0000000020001404                _stack_top = .
LOAD APP/APP.o
LOAD MCAL/GPIO/GPIO.o
LOAD HAL/LED/LED.o
LOAD HAL/Pressure_Sensor/P_Sensor.o
LOAD main.o
LOAD Startup.o
OUTPUT(Pressure_Detection_System.elf elf32-littlearm)
LOAD linker stubs

.debug_info     0x0000000000000000      0x891
 .debug_info    0x0000000000000000      0x1cf APP/APP.o
 .debug_info    0x00000000000001cf      0x152 MCAL/GPIO/GPIO.o
 .debug_info    0x0000000000000321      0x191 HAL/LED/LED.o
 .debug_info    0x00000000000004b2      0x187 HAL/Pressure_Sensor/P_Sensor.o
 .debug_info    0x0000000000000639       0x8d main.o
 .debug_info    0x00000000000006c6      0x1cb Startup.o

.debug_abbrev   0x0000000000000000      0x440
 .debug_abbrev  0x0000000000000000       0xa0 APP/APP.o
 .debug_abbrev  0x00000000000000a0       0xc3 MCAL/GPIO/GPIO.o
 .debug_abbrev  0x0000000000000163       0xbc HAL/LED/LED.o
 .debug_abbrev  0x000000000000021f       0xdd HAL/Pressure_Sensor/P_Sensor.o
 .debug_abbrev  0x00000000000002fc       0x44 main.o
 .debug_abbrev  0x0000000000000340      0x100 Startup.o

.debug_loc      0x0000000000000000      0x3f8
 .debug_loc     0x0000000000000000       0xb0 APP/APP.o
 .debug_loc     0x00000000000000b0       0xcc MCAL/GPIO/GPIO.o
 .debug_loc     0x000000000000017c       0xe4 HAL/LED/LED.o
 .debug_loc     0x0000000000000260       0xf0 HAL/Pressure_Sensor/P_Sensor.o
 .debug_loc     0x0000000000000350       0x2c main.o
 .debug_loc     0x000000000000037c       0x7c Startup.o

.debug_aranges  0x0000000000000000       0xc0
 .debug_aranges
                0x0000000000000000       0x20 APP/APP.o
 .debug_aranges
                0x0000000000000020       0x20 MCAL/GPIO/GPIO.o
 .debug_aranges
                0x0000000000000040       0x20 HAL/LED/LED.o
 .debug_aranges
                0x0000000000000060       0x20 HAL/Pressure_Sensor/P_Sensor.o
 .debug_aranges
                0x0000000000000080       0x20 main.o
 .debug_aranges
                0x00000000000000a0       0x20 Startup.o

.debug_line     0x0000000000000000      0x5a3
 .debug_line    0x0000000000000000      0x193 APP/APP.o
 .debug_line    0x0000000000000193       0xf6 MCAL/GPIO/GPIO.o
 .debug_line    0x0000000000000289      0x105 HAL/LED/LED.o
 .debug_line    0x000000000000038e      0x11d HAL/Pressure_Sensor/P_Sensor.o
 .debug_line    0x00000000000004ab       0x42 main.o
 .debug_line    0x00000000000004ed       0xb6 Startup.o

.debug_str      0x0000000000000000      0x4cd
 .debug_str     0x0000000000000000      0x33a APP/APP.o
                                        0x37d (size before relaxing)
 .debug_str     0x000000000000033a       0x57 MCAL/GPIO/GPIO.o
                                        0x225 (size before relaxing)
 .debug_str     0x0000000000000391       0x31 HAL/LED/LED.o
                                        0x260 (size before relaxing)
 .debug_str     0x00000000000003c2       0x6f HAL/Pressure_Sensor/P_Sensor.o
                                        0x285 (size before relaxing)
 .debug_str     0x0000000000000431        0xc main.o
                                        0x176 (size before relaxing)
 .debug_str     0x000000000000043d       0x90 Startup.o
                                        0x1f4 (size before relaxing)

.comment        0x0000000000000000       0x59
 .comment       0x0000000000000000       0x59 APP/APP.o
                                         0x5a (size before relaxing)
 .comment       0x0000000000000059       0x5a MCAL/GPIO/GPIO.o
 .comment       0x0000000000000059       0x5a HAL/LED/LED.o
 .comment       0x0000000000000059       0x5a HAL/Pressure_Sensor/P_Sensor.o
 .comment       0x0000000000000059       0x5a main.o
 .comment       0x0000000000000059       0x5a Startup.o

.ARM.attributes
                0x0000000000000000       0x2d
 .ARM.attributes
                0x0000000000000000       0x2d APP/APP.o
 .ARM.attributes
                0x000000000000002d       0x2d MCAL/GPIO/GPIO.o
 .ARM.attributes
                0x000000000000005a       0x2d HAL/LED/LED.o
 .ARM.attributes
                0x0000000000000087       0x2d HAL/Pressure_Sensor/P_Sensor.o
 .ARM.attributes
                0x00000000000000b4       0x2d main.o
 .ARM.attributes
                0x00000000000000e1       0x2d Startup.o

.debug_frame    0x0000000000000000      0x264
 .debug_frame   0x0000000000000000       0x80 APP/APP.o
 .debug_frame   0x0000000000000080       0x74 MCAL/GPIO/GPIO.o
 .debug_frame   0x00000000000000f4       0x78 HAL/LED/LED.o
 .debug_frame   0x000000000000016c       0x7c HAL/Pressure_Sensor/P_Sensor.o
 .debug_frame   0x00000000000001e8       0x2c main.o
 .debug_frame   0x0000000000000214       0x50 Startup.o
